artifact-root:qf-kernel: cleared stale local file dependency C:\Users\rybow\QuantFlow-Ontology\packages\qf-kernel\node_modules\qf-kernel-schema
bun install v1.3.12 (700fc117)

+ qf-kernel-schema@../../qf-kernel-schema

2 packages installed [73.00ms]
artifact-root:artifact-root: cleared stale local file dependency C:\Users\rybow\QuantFlow-Ontology\qa\gates\artifact-root\node_modules\qf-kernel
bun install v1.3.12 (700fc117)

+ qf-kernel@../../../packages/qf-kernel

4 packages installed [100.00ms]
artifact-root G4 resolver: PASS
artifact-root G4 env not-directory: PASS
artifact-root receipt artifact_count PASS: count=1; expected=1; artifact_id=9bc78b8e6ffcea747296ca309ec21dd1a9db02fa40b457914ea8dabba1eb743c
artifact-root receipt ordinary_kind PASS: kind=trajectory; expected=trajectory; artifact_id=9bc78b8e6ffcea747296ca309ec21dd1a9db02fa40b457914ea8dabba1eb743c
artifact-root receipt producer_link_count PASS: count=1; expected=1; links=[{"kind":"produces","from_id":"g9-trajectory-proof-session","to_id":"9bc78b8e6ffcea747296ca309ec21dd1a9db02fa40b457914ea8dabba1eb743c"}]
artifact-root receipt producer_link_identity PASS: expected kind=produces from_id=g9-trajectory-proof-session to_id=9bc78b8e6ffcea747296ca309ec21dd1a9db02fa40b457914ea8dabba1eb743c; actual=[{"kind":"produces","from_id":"g9-trajectory-proof-session","to_id":"9bc78b8e6ffcea747296ca309ec21dd1a9db02fa40b457914ea8dabba1eb743c"}]
artifact-root receipt bytes_identity PASS: returned_bytes=36 disk_bytes=36 returned_sha256=9bc78b8e6ffcea747296ca309ec21dd1a9db02fa40b457914ea8dabba1eb743c disk_sha256=9bc78b8e6ffcea747296ca309ec21dd1a9db02fa40b457914ea8dabba1eb743c byte_equal=true
artifact-root receipt hash_identity PASS: row_id=9bc78b8e6ffcea747296ca309ec21dd1a9db02fa40b457914ea8dabba1eb743c content_hash=9bc78b8e6ffcea747296ca309ec21dd1a9db02fa40b457914ea8dabba1eb743c disk_sha256=9bc78b8e6ffcea747296ca309ec21dd1a9db02fa40b457914ea8dabba1eb743c
artifact-root receipt storage_ref_identity PASS: row_storage_ref=C:\Users\rybow\AppData\Local\Temp\qf-g9-art-pub-emdgWS\.quantflow\artifacts\g9-trajectory-proof-session.md returned_path=C:\Users\rybow\AppData\Local\Temp\qf-g9-art-pub-emdgWS\.quantflow\artifacts\g9-trajectory-proof-session.md
artifact-root receipt root_confinement PASS: root=C:\Users\rybow\AppData\Local\Temp\qf-g9-art-pub-emdgWS\.quantflow\artifacts returned_resolved=C:\Users\rybow\AppData\Local\Temp\qf-g9-art-pub-emdgWS\.quantflow\artifacts\g9-trajectory-proof-session.md storage_resolved=C:\Users\rybow\AppData\Local\Temp\qf-g9-art-pub-emdgWS\.quantflow\artifacts\g9-trajectory-proof-session.md
artifact-root receipt ordinary_report_count PASS: report_count=0; expected=0
artifact-root receipt report_refusal PASS: text=publish_artifact report requires evaluation_id; artifacts=1->1; events=4->4
artifact-root G9 trajectory receipt: PASS artifact_id=9bc78b8e6ffcea747296ca309ec21dd1a9db02fa40b457914ea8dabba1eb743c producing_session_id=g9-trajectory-proof-session link={"kind":"produces","from_id":"g9-trajectory-proof-session","to_id":"9bc78b8e6ffcea747296ca309ec21dd1a9db02fa40b457914ea8dabba1eb743c"} link_count=1 root=C:\Users\rybow\AppData\Local\Temp\qf-g9-art-pub-emdgWS\.quantflow\artifacts storage_ref=C:\Users\rybow\AppData\Local\Temp\qf-g9-art-pub-emdgWS\.quantflow\artifacts\g9-trajectory-proof-session.md sha256=9bc78b8e6ffcea747296ca309ec21dd1a9db02fa40b457914ea8dabba1eb743c byte_count=36 ordinary_report_count=0 refusal=publish_artifact report requires evaluation_id post_refusal_artifacts=1 post_refusal_events=4
artifact-root A2A report refusal: PASS text=publish_artifact report requires evaluation_id artifacts=0->0 events=0->0
artifact-root G4 production coupling: PASS
artifact-root K3b A2A production coupling: PASS
artifact-root K3b governed publishers: PASS (a2a-bus.ts, agent-host.ts, index.ts, kernel.ts, kernel.ts, kernel.ts, kernel.ts, ontology-gateway.ts)
artifact-root OK
PASS  artifact-root
