D	collab-electron/.package-staging-test/species/hermes/dock-profiles.json
D	collab-electron/.package-staging-test/species/hermes/launch.json
D	collab-electron/.package-staging-test/species/hermes/packed/hermes.aospkg
D	collab-electron/.package-staging-test/species/hermes/packed/hermes.meta.json
D	collab-electron/.package-staging-test/species/hermes/tools-allowlist.json
D	collab-electron/.package-staging-test/tools/qf-proof-agent/dock-profiles.json
D	collab-electron/.package-staging-test/tools/qf-proof-agent/launch.json
D	collab-electron/.package-staging-test/tools/qf-proof-agent/packed/qf-proof-agent.aospkg
D	collab-electron/.package-staging-test/tools/qf-proof-agent/packed/qf-proof-agent.meta.json
D	collab-electron/.package-staging-test/tools/qf-proof-agent/packed/qf-proof-agent.mjs
D	collab-electron/.package-staging-test/tools/runtime-proof/dock-profiles.json
D	collab-electron/.package-staging-test/tools/runtime-proof/launch.json
D	collab-electron/.package-staging-test/tools/runtime-proof/packed/qf-toolloop.aospkg
D	collab-electron/.package-staging-test/tools/runtime-proof/packed/qf-toolloop.meta.json
A	docs/orders/evidence/golden-baseline/g1/BEFORE.md
A	docs/orders/evidence/golden-baseline/g1/logs/01-preflight.log
A	docs/orders/evidence/golden-baseline/g1/logs/02-consumer-search.log
A	docs/orders/evidence/golden-baseline/g1/logs/03-atlas-before-check.log
A	docs/orders/evidence/golden-baseline/g1/logs/04-atlas-before-ratchet.log
A	docs/orders/evidence/golden-baseline/g1/logs/05-dock-inventory-before.log
A	docs/orders/evidence/golden-baseline/g1/logs/06-runtime-staging-test.log
A	docs/orders/evidence/golden-baseline/g1/logs/07-dock-inventory-after.log
A	docs/orders/evidence/golden-baseline/g1/logs/08-repo-shape.log
A	docs/orders/evidence/golden-baseline/g1/logs/09-lockfile-committed.log
A	docs/orders/evidence/golden-baseline/g1/logs/10-kernel-sole-writer.log
A	docs/orders/evidence/golden-baseline/g1/logs/11-no-canvas-domain-writes.log
A	docs/orders/evidence/golden-baseline/g1/logs/12-kernel-sole-writer-app.log
A	docs/orders/evidence/golden-baseline/g1/logs/13-doc-action-surface.log
A	docs/orders/evidence/golden-baseline/g1/logs/14-one-skin.log
A	docs/orders/evidence/golden-baseline/g1/logs/15-doc-links.log
A	docs/orders/evidence/golden-baseline/g1/logs/16-rung-ladder.log
A	docs/orders/evidence/golden-baseline/g1/logs/17-atlas-after-check.log
A	docs/orders/evidence/golden-baseline/g1/logs/18-atlas-after-ratchet.log
A	docs/orders/evidence/golden-baseline/g1/logs/19-diff-check.log
A	docs/orders/evidence/golden-baseline/g1/logs/20-staged-diff-check.log
A	docs/orders/evidence/golden-baseline/g1/logs/21-direct-absence.log
