isolated-root: C:\Users\rybow\AppData\Local\Temp\qf-foundation-kernel-BC7j7z
command: bun test packages/qf-kernel/src/r10-dataset-integrity.test.ts
cwd: C:\Users\rybow\AppData\Local\Temp\qf-foundation-kernel-BC7j7z
exit: 1
bun test v1.3.12 (700fc117)

packages\qf-kernel\src\r10-dataset-integrity.test.ts:

# Unhandled error between tests
-------------------------------
error: Cannot find module 'qf-kernel-schema/commands' from 'C:\Users\rybow\AppData\Local\Temp\qf-foundation-kernel-BC7j7z\packages\qf-kernel\src\pipeline.ts'
-------------------------------


 0 pass
 1 fail
 1 error
Ran 1 test across 1 file. [78.00ms]

command: bun install --frozen-lockfile
cwd: C:\Users\rybow\AppData\Local\Temp\qf-foundation-kernel-BC7j7z\packages\qf-kernel
exit: 1
bun install v1.3.12 (700fc117)
EPERM: failed copying files from cache to destination for package qf-kernel-schema
error: ConnectionRefused downloading tarball zod@4.4.3

error: ConnectionRefused downloading tarball bun-types@1.3.14

error: ConnectionRefused downloading tarball @types/node@26.1.1

error: ConnectionRefused downloading tarball undici-types@8.3.0

error: ConnectionRefused downloading tarball @types/bun@1.3.14

error: ConnectionRefused downloading tarball typescript@5.9.3

cleanup: owned roots remaining=0; synchronous children completed
